// Jest Snapshot v1, https://goo.gl/fbAQLP

exports[`component-button-tests button snapshot test 1`] = `
<Button
  borderRadius={5}
  buttonStyle={
    Object {
      "backgroundColor": "#008CBA",
      "flexDirection": "row",
    }
  }
  containerViewStyle={
    Array [
      Object {
        "marginLeft": 0,
        "marginRight": 0,
      },
      Object {},
    ]
  }
  icon={Object {}}
  iconRight={Object {}}
  onPress={[Function]}
  raised={true}
  textStyle={
    Object {
      "textAlign": "center",
    }
  }
  title="Button Test"
/>
`;
