// Jest Snapshot v1, https://goo.gl/fbAQLP

exports[`component-button-tests button snapshot test 1`] = `
<TouchableOpacity
  activeOpacity={0.2}
  onPress={[Function]}
  style={
    Array [
      Object {
        "backgroundColor": "gray",
        "flexDirection": "row",
        "paddingVertical": 10,
      },
      Object {},
    ]
  }
>
  <Text
    accessible={true}
    allowFontScaling={true}
    disabled={false}
    ellipsizeMode="tail"
    style={
      Object {
        "flex": 1,
        "textAlign": "center",
      }
    }
  >
    Button Test
  </Text>
</TouchableOpacity>
`;
